<span class="hljs-number">1</span> <span class="hljs-number">200_000</span> <span class="hljs-number">0x123</span> <span class="hljs-number">0b0101</span> <span class="hljs-number">4i8</span> <span class="hljs-number">6i16</span> <span class="hljs-number">7i32</span> <span class="hljs-number">8i64</span> <span class="hljs-number">11u8</span> <span class="hljs-number">12u16</span> <span class="hljs-number">13u32</span> <span class="hljs-number">14u64</span> <span class="hljs-number">.2</span> <span class="hljs-number">0.23</span> <span class="hljs-number">1.0f16</span> <span class="hljs-number">23.24f32</span> <span class="hljs-number">123f64</span>